000045aad61c956b45fc468b2b2ec954636e5f647f1c1995854d46ecaa525e10
000060a495b381230860ca7315a1b585fabc651cf0833b72b6f481771cca4277
0000a09b3b22da52cd0a55918c511184e5bfe4adc846e7a522bc6b227a1781a3
0000b62fec1d42b484fcf80a248c6d65afebe02e021e495db051d5b47d001a32
0001aa38f9609bf802f55536e9a3b3b1ff4ababe22ea6ae6a3258b793d59ceff
0001f7e37681b124e6756a0c6f9faeebbecf583a5ee3e92e2e4257b87726f911
000223fb1496e6885cc20ed47db02763a282c71e91e7a5ca2d3367b72a6c1067
0002f8675afaa4c6cb3c0c6a57dbdc3e193e92daef8d17fb99fc85d283c08841
0002ff1e54d15aa79f55d2b8e4e7480d4e6c9c46841e23af5bf0c1db587a10b3
00028a923f60e1d00e3144d1dbae651532ea52d53f3bf59547565895aff876cb
00038ae9c9a6f25c39e7392e7729e98ede7959992a07d6498bfc9a74d5818609
000380336e84f141eabb3539c47933575cbb6103aef28197a81ff11d9d53a853
00039205a74885e80ae7a91ca2a10fc9a6ee7b20ce916f04054cb7e21c67ea37
00052f6245a219734ba2b1c0721726db84588cf1caaa9202e080c9576ba6afcf
00037b98ba7911f160865576233b872993ca46bdfdc1a71d2384a4e85ea3026f
00079e5a1d5bf19ecd2fa5b5f5f301cf97b06e31803ddf4dd865452b3e4c6c3f
0005a0e7266e2e58167695110e5226e8ffacf5f594bb5ec006d98000992cac81
0003ef715eb294a7b9de223354b81c9ff41a2e88113abcf175be5cfa96a727c6
0006a9fc45ca09f7917fcf6a880603fcd5eb8f243dca46d7d7d25726bfbc102d